// Jest Snapshot v1, https://goo.gl/fbAQLP

exports[`Home page should render the Home component 1`] = `
<div>
  <h1>
    Welcome
  </h1>
</div>
`;
